2026-02-03 12:00:11,112 - INFO - [35m============================================================[0m
2026-02-03 12:00:11,113 - INFO - [35m🧠 CAT12 BIDS App - Structural MRI Processing[0m
2026-02-03 12:00:11,113 - INFO - [35m============================================================[0m
2026-02-03 12:00:11,113 - INFO - [36m▶ Command: /Users/karl/work/github/bids-cat12-wrapper/.venv/bin/python /Users/karl/work/github/bids-cat12-wrapper/scripts/preprocessing/bids_cat12_processor.py openneuro/ds000114 projects/demo/derivatives/cat12 participant --preproc --participant-label 01 --session-label test --smooth-volume 6 --smooth-surface 12 --qa --tiv --no-validate[0m
2026-02-03 12:00:11,113 - INFO - [36m📁 BIDS directory: openneuro/ds000114[0m
2026-02-03 12:00:11,113 - INFO - [36m📂 Output directory: projects/demo/derivatives/cat12[0m
2026-02-03 12:00:11,113 - INFO - [36m🔬 Analysis level: participant[0m
2026-02-03 12:00:11,113 - INFO - [36m📝 Log file: projects/demo/derivatives/cat12/logs/cat12_processing_20260203_120011.log[0m
2026-02-03 12:00:11,113 - INFO - [35m🛠️  Processing stages: Preprocessing(with surface), Volume smoothing (6mm), Surface smoothing (12mm), Quality assessment, TIV estimation[0m
2026-02-03 12:00:11,113 - INFO - [36m🔍 Initializing BIDS layout for: openneuro/ds000114[0m
2026-02-03 12:00:11,113 - INFO - [36m📊 Using BIDS database: projects/demo/derivatives/cat12/.bids_cache/bidsdb_2894621807654177828.db[0m
2026-02-03 12:00:11,183 - INFO - [32m👥 Found 4 subjects[0m
2026-02-03 12:00:11,183 - INFO - CAT12 execution mode: MATLAB
2026-02-03 12:00:11,183 - INFO - Processing participants: sub-01
2026-02-03 12:00:11,183 - INFO - [36m📅 Requested sessions: test[0m
2026-02-03 12:00:11,190 - INFO - Subject 01: LONGITUDINAL with 2 sessions (retest, test)
2026-02-03 12:00:11,190 - INFO - Dataset summary: 1 longitudinal, 0 cross-sectional subjects
2026-02-03 12:00:11,190 - INFO - [36m📋 Filtered to 1 subjects with requested sessions[0m
2026-02-03 12:00:11,190 - INFO - Running preprocessing stage...
2026-02-03 12:00:11,195 - INFO - Processing subject 01 with sessions: test
2026-02-03 12:00:11,200 - INFO - Using 1 uncompressed NIfTI files for processing
2026-02-03 12:00:11,201 - INFO - Generated CAT12 script: projects/demo/derivatives/cat12/sub-01/cat12_longitudinal_01.m
2026-02-03 12:00:11,201 - INFO - [36m📊 Using generated CAT12 batch script (cross-sectional)[0m
2026-02-03 12:00:11,201 - INFO - Using CAT12 batch script: projects/demo/derivatives/cat12/sub-01/cat12_longitudinal_01.m
2026-02-03 12:00:11,201 - INFO - Executing CAT12 script: projects/demo/derivatives/cat12/sub-01/cat12_longitudinal_01.m
2026-02-03 12:00:11,201 - INFO - Using MATLAB at /Applications/MATLAB_R2025b.app/bin/matlab
2026-02-03 12:00:11,201 - INFO - Script path: /Users/karl/work/github/bids-cat12-wrapper/projects/demo/derivatives/cat12/sub-01/cat12_longitudinal_01.m
2026-02-03 12:00:11,201 - INFO - [33m⏳ CAT12 processing started (this may take 10-30 minutes)...[0m
2026-02-03 12:00:41,580 - INFO - [36m⏳ CAT12 processing... (50 log lines)[0m
2026-02-03 12:00:46,768 - INFO - [36m⏳ CAT12 processing... (100 log lines)[0m
2026-02-03 12:00:51,975 - INFO - [36m⏳ CAT12 processing... (150 log lines)[0m
