2026-02-03 11:56:35,316 - INFO - [35m============================================================[0m
2026-02-03 11:56:35,316 - INFO - [35m🧠 CAT12 BIDS App - Structural MRI Processing[0m
2026-02-03 11:56:35,316 - INFO - [35m============================================================[0m
2026-02-03 11:56:35,316 - INFO - [36m▶ Command: /Users/karl/work/github/bids-cat12-wrapper/.venv/bin/python /Users/karl/work/github/bids-cat12-wrapper/scripts/preprocessing/bids_cat12_processor.py openneuro/ds000114 projects/demo/derivatives/cat12 participant --preproc --participant-label 01 --session-label test --smooth-volume 6 --smooth-surface 12 --qa --tiv[0m
2026-02-03 11:56:35,316 - INFO - [36m📁 BIDS directory: openneuro/ds000114[0m
2026-02-03 11:56:35,316 - INFO - [36m📂 Output directory: projects/demo/derivatives/cat12[0m
2026-02-03 11:56:35,316 - INFO - [36m🔬 Analysis level: participant[0m
2026-02-03 11:56:35,316 - INFO - [36m📝 Log file: projects/demo/derivatives/cat12/logs/cat12_processing_20260203_115635.log[0m
2026-02-03 11:56:35,317 - INFO - [35m🛠️  Processing stages: Preprocessing(with surface), Volume smoothing (6mm), Surface smoothing (12mm), Quality assessment, TIV estimation[0m
2026-02-03 11:56:35,317 - INFO - [36m🔍 Initializing BIDS layout for: openneuro/ds000114[0m
2026-02-03 11:56:35,317 - INFO - [36m📊 Using BIDS database: projects/demo/derivatives/cat12/.bids_cache/bidsdb_-675809822699874336.db[0m
2026-02-03 11:56:35,427 - INFO - [32m👥 Found 4 subjects[0m
2026-02-03 11:56:35,427 - INFO - CAT12 execution mode: MATLAB
2026-02-03 11:56:35,427 - INFO - Validating BIDS dataset...
2026-02-03 11:56:35,427 - INFO - Running BIDS validation...
2026-02-03 11:56:35,428 - INFO - Found 4 subject directories
2026-02-03 11:56:35,463 - INFO - Running BIDS validation with Deno validator...
2026-02-03 11:56:35,871 - WARNING - BIDS validation reported issues:
2026-02-03 11:56:35,872 - WARNING - 	[WARNING] UNKNOWN_BIDS_VERSION The BIDSVersion field of 'dataset_description.json' does not match a known release.
The BIDS Schema used for validation may be out of date.

		/dataset_description.json

	Please visit https://neurostars.org/search?q=UNKNOWN_BIDS_VERSION for existing conversations about this issue.

	[WARNING] README_FILE_MISSING The recommended file /README is missing.
See Section 03 (Modality agnostic files) of the BIDS specification.

		/dataset_description.json

	Please visit https://neurostars.org/search?q=README_FILE_MISSING for existing conversations about this issue.

	[WARNING] JSON_KEY_RECOMMENDED A JSON file is missing a key listed as recommended.
		DatasetType
		/dataset_description.json

		GeneratedBy
		/dataset_description.json

		SourceDatasets
		/dataset_description.json

	Please visit https://neurostars.org/search?q=JSON_KEY_RECOMMENDED for existing conversations about this issue.

	[WARNING] TSV_ADDITIONAL_COLUMNS_UNDEFINED A TSV file has extra columns which are not defined in its associated JSON sidecar
		dominant_hand
		/participants.tsv

	Please visit https://neurostars.org/search?q=TSV_ADDITIONAL_COLUMNS_UNDEFINED for existing conversations about this issue.

	[WARNING] SIDECAR_KEY_RECOMMENDED A data file's JSON sidecar is missing a key listed as recommended.
		Manufacturer
		/sub-01/ses-retest/anat/sub-01_ses-retest_T1w.nii.gz
		/sub-01/ses-test/anat/sub-01_ses-test_T1w.nii.gz

		6 more files with the same issue

		ManufacturersModelName
		/sub-01/ses-retest/anat/sub-01_ses-retest_T1w.nii.gz
		/sub-01/ses-test/anat/sub-01_ses-test_T1w.nii.gz

		6 more files with the same issue

		DeviceSerialNumber
		/sub-01/ses-retest/anat/sub-01_ses-retest_T1w.nii.gz
		/sub-01/ses-test/anat/sub-01_ses-test_T1w.nii.gz

		6 more files with the same issue

		StationName
		/sub-01/ses-retest/anat/sub-01_ses-retest_T1w.nii.gz
		/sub-01/ses-test/anat/sub-01_ses-test_T1w.nii.gz

		6 more files with the same issue

		SoftwareVersions
		/sub-01/ses-retest/anat/sub-01_ses-retest_T1w.nii.gz
		/sub-01/ses-test/anat/sub-01_ses-test_T1w.nii.gz

		6 more files with the same issue

		MagneticFieldStrength
		/sub-01/ses-retest/anat/sub-01_ses-retest_T1w.nii.gz
		/sub-01/ses-test/anat/sub-01_ses-test_T1w.nii.gz

		6 more files with the same issue

		ReceiveCoilName
		/sub-01/ses-retest/anat/sub-01_ses-retest_T1w.nii.gz
		/sub-01/ses-test/anat/sub-01_ses-test_T1w.nii.gz

		6 more files with the same issue

		ReceiveCoilActiveElements
		/sub-01/ses-retest/anat/sub-01_ses-retest_T1w.nii.gz
		/sub-01/ses-test/anat/sub-01_ses-test_T1w.nii.gz

		6 more files with the same issue

		GradientSetType
		/sub-01/ses-retest/anat/sub-01_ses-retest_T1w.nii.gz
		/sub-01/ses-test/anat/sub-01_ses-test_T1w.nii.gz

		6 more files with the same issue

		MRTransmitCoilSequence
		/sub-01/ses-retest/anat/sub-01_ses-retest_T1w.nii.gz
		/sub-01/ses-test/anat/sub-01_ses-test_T1w.nii.gz

		6 more files with the same issue

		MatrixCoilMode
		/sub-01/ses-retest/anat/sub-01_ses-retest_T1w.nii.gz
		/sub-01/ses-test/anat/sub-01_ses-test_T1w.nii.gz

		6 more files with the same issue

		CoilCombinationMethod
		/sub-01/ses-retest/anat/sub-01_ses-retest_T1w.nii.gz
		/sub-01/ses-test/anat/sub-01_ses-test_T1w.nii.gz

		6 more files with the same issue

		PulseSequenceType
		/sub-01/ses-retest/anat/sub-01_ses-retest_T1w.nii.gz
		/sub-01/ses-test/anat/sub-01_ses-test_T1w.nii.gz

		6 more files with the same issue

		ScanningSequence
		/sub-01/ses-retest/anat/sub-01_ses-retest_T1w.nii.gz
		/sub-01/ses-test/anat/sub-01_ses-test_T1w.nii.gz

		6 more files with the same issue

		SequenceVariant
		/sub-01/ses-retest/anat/sub-01_ses-retest_T1w.nii.gz
		/sub-01/ses-test/anat/sub-01_ses-test_T1w.nii.gz

		6 more files with the same issue

		ScanOptions
		/sub-01/ses-retest/anat/sub-01_ses-retest_T1w.nii.gz
		/sub-01/ses-test/anat/sub-01_ses-test_T1w.nii.gz

		6 more files with the same issue

		SequenceName
		/sub-01/ses-retest/anat/sub-01_ses-retest_T1w.nii.gz
		/sub-01/ses-test/anat/sub-01_ses-test_T1w.nii.gz

		6 more files with the same issue

		PulseSequenceDetails
		/sub-01/ses-retest/anat/sub-01_ses-retest_T1w.nii.gz
		/sub-01/ses-test/anat/sub-01_ses-test_T1w.nii.gz

		6 more files with the same issue

		MTState
		/sub-01/ses-retest/anat/sub-01_ses-retest_T1w.nii.gz
		/sub-01/ses-test/anat/sub-01_ses-test_T1w.nii.gz

		6 more files with the same issue

		SpoilingState
		/sub-01/ses-retest/anat/sub-01_ses-retest_T1w.nii.gz
		/sub-01/ses-test/anat/sub-01_ses-test_T1w.nii.gz

		6 more files with the same issue

		NumberShots
		/sub-01/ses-retest/anat/sub-01_ses-retest_T1w.nii.gz
		/sub-01/ses-test/anat/sub-01_ses-test_T1w.nii.gz

		6 more files with the same issue

		ParallelReductionFactorInPlane
		/sub-01/ses-retest/anat/sub-01_ses-retest_T1w.nii.gz
		/sub-01/ses-test/anat/sub-01_ses-test_T1w.nii.gz

		6 more files with the same issue

		ParallelReductionFactorOutOfPlane
		/sub-01/ses-retest/anat/sub-01_ses-retest_T1w.nii.gz
		/sub-01/ses-test/anat/sub-01_ses-test_T1w.nii.gz

		6 more files with the same issue

		ParallelAcquisitionTechnique
		/sub-01/ses-retest/anat/sub-01_ses-retest_T1w.nii.gz
		/sub-01/ses-test/anat/sub-01_ses-test_T1w.nii.gz

		6 more files with the same issue

		PartialFourier
		/sub-01/ses-retest/anat/sub-01_ses-retest_T1w.nii.gz
		/sub-01/ses-test/anat/sub-01_ses-test_T1w.nii.gz

		6 more files with the same issue

		PartialFourierDirection
		/sub-01/ses-retest/anat/sub-01_ses-retest_T1w.nii.gz
		/sub-01/ses-test/anat/sub-01_ses-test_T1w.nii.gz

		6 more files with the same issue

		EffectiveEchoSpacing
		/sub-01/ses-retest/anat/sub-01_ses-retest_T1w.nii.gz
		/sub-01/ses-test/anat/sub-01_ses-test_T1w.nii.gz

		6 more files with the same issue

		MixingTime
		/sub-01/ses-retest/anat/sub-01_ses-retest_T1w.nii.gz
		/sub-01/ses-test/anat/sub-01_ses-test_T1w.nii.gz

		6 more files with the same issue

		PhaseEncodingDirection
		/sub-01/ses-retest/anat/sub-01_ses-retest_T1w.nii.gz
		/sub-01/ses-test/anat/sub-01_ses-test_T1w.nii.gz

		6 more files with the same issue

		TotalReadoutTime
		/sub-01/ses-retest/anat/sub-01_ses-retest_T1w.nii.gz
		/sub-01/ses-test/anat/sub-01_ses-test_T1w.nii.gz

		6 more files with the same issue

		EchoTime
		/sub-01/ses-retest/anat/sub-01_ses-retest_T1w.nii.gz
		/sub-01/ses-test/anat/sub-01_ses-test_T1w.nii.gz

		6 more files with the same issue

		InversionTime
		/sub-01/ses-retest/anat/sub-01_ses-retest_T1w.nii.gz
		/sub-01/ses-test/anat/sub-01_ses-test_T1w.nii.gz

		6 more files with the same issue

		DwellTime
		/sub-01/ses-retest/anat/sub-01_ses-retest_T1w.nii.gz
		/sub-01/ses-test/anat/sub-01_ses-test_T1w.nii.gz

		6 more files with the same issue

		FlipAngle
		/sub-01/ses-retest/anat/sub-01_ses-retest_T1w.nii.gz
		/sub-01/ses-test/anat/sub-01_ses-test_T1w.nii.gz

		6 more files with the same issue

		MultibandAccelerationFactor
		/sub-01/ses-retest/anat/sub-01_ses-retest_T1w.nii.gz
		/sub-01/ses-test/anat/sub-01_ses-test_T1w.nii.gz

		6 more files with the same issue

		InstitutionName
		/sub-01/ses-retest/anat/sub-01_ses-retest_T1w.nii.gz
		/sub-01/ses-test/anat/sub-01_ses-test_T1w.nii.gz

		6 more files with the same issue

		InstitutionAddress
		/sub-01/ses-retest/anat/sub-01_ses-retest_T1w.nii.gz
		/sub-01/ses-test/anat/sub-01_ses-test_T1w.nii.gz

		6 more files with the same issue

		InstitutionalDepartmentName
		/sub-01/ses-retest/anat/sub-01_ses-retest_T1w.nii.gz
		/sub-01/ses-test/anat/sub-01_ses-test_T1w.nii.gz

		6 more files with the same issue

	Please visit https://neurostars.org/search?q=SIDECAR_KEY_RECOMMENDED for existing conversations about this issue.

	[ERROR] PARTICIPANT_ID_MISMATCH Participant labels found in this dataset did not match the values in participant_id column
found in the participants.tsv file.

		/participants.tsv

	Please visit https://neurostars.org/search?q=PARTICIPANT_ID_MISMATCH for existing conversations about this issue.


          Summary:                         Available Tasks:        Available Modalities:
          11 Files, 72 MB                                          MRI                  
          4 - Subjects 2 - Sessions                                                     

	If you have any questions, please post on https://neurostars.org/tags/bids.


2026-02-03 11:56:35,872 - ERROR - BIDS validation failed! Use --no-validate to skip validation.
