2026-02-02 21:07:31,324 - INFO - [35m============================================================[0m
2026-02-02 21:07:31,324 - INFO - [35m🧠 CAT12 BIDS App - Structural MRI Processing[0m
2026-02-02 21:07:31,324 - INFO - [35m============================================================[0m
2026-02-02 21:07:31,324 - INFO - [36m▶ Command: /Volumes/Thunder/129_PK01/cat12/stats/.venv/bin/python3 scripts/preprocessing/bids_cat12_processor.py --config projects/demo/project_config.json[0m
2026-02-02 21:07:31,324 - INFO - [36m📁 BIDS directory: ds000114[0m
2026-02-02 21:07:31,324 - INFO - [36m📂 Output directory: /Volumes/Thunder/129_PK01/cat12/stats/projects/demo/derivatives/cat12[0m
2026-02-02 21:07:31,324 - INFO - [36m🗂️ Working directory: /Volumes/Thunder/129_PK01/cat12/stats/projects/demo/work[0m
2026-02-02 21:07:31,324 - INFO - [36m🔬 Analysis level: participant[0m
2026-02-02 21:07:31,324 - INFO - [36m📝 Log file: /Volumes/Thunder/129_PK01/cat12/stats/projects/demo/logs/preproc/cat12_processing_20260202_210731.log[0m
2026-02-02 21:07:31,324 - INFO - [35m🛠️  Processing stages: Preprocessing(with surface), Volume smoothing (6mm), Surface smoothing (12mm), Quality assessment, TIV estimation[0m
2026-02-02 21:07:31,324 - INFO - [36m▶ Preprocessing command:[0m /Volumes/Thunder/129_PK01/cat12/stats/.venv/bin/python3 /Volumes/Thunder/129_PK01/cat12/stats/scripts/preprocessing/bids_cat12_processor.py --config projects/demo/project_config.json
2026-02-02 21:07:31,324 - INFO - [36m▶ Statistics command:[0m /Volumes/Thunder/129_PK01/cat12/stats/scripts/analysis/cat12_multi_modality.sh --config projects/demo/stats_config.json --cat12-dir /Volumes/Thunder/129_PK01/cat12/stats/projects/demo/derivatives/cat12 --participants /Volumes/Thunder/129_PK01/cat12/stats/projects/demo/participants_demo.tsv
2026-02-02 21:07:34,738 - INFO - HTTP Request: HEAD https://openneuro.org/crn/datasets/ds000114/objects/7331a97d91edaec0eee894f96c79e32ac5da343e "HTTP/1.1 200 OK"
2026-02-02 21:07:34,744 - INFO - HTTP Request: HEAD https://openneuro.org/crn/datasets/ds000114/objects/808b1441d8830caccb3966b2971b48e6fe4523ff "HTTP/1.1 200 OK"
2026-02-02 21:07:34,941 - INFO - HTTP Request: HEAD https://s3.amazonaws.com/openneuro.org/ds000114/participants.tsv?versionId=fjl0ZNvAXDJmeJh0_uF4H7tsiTVn_OOb&AWSAccessKeyId=AKIARTA7OOV5WQ3DGSOB&Signature=9Jm32ebJo0lDkVM4e3Y9j6gQk5U%3D&Expires=1770667651 "HTTP/1.1 403 Forbidden"
2026-02-02 21:07:51,195 - INFO - HTTP Request: HEAD https://openneuro.org/crn/datasets/ds000114/objects/808b1441d8830caccb3966b2971b48e6fe4523ff "HTTP/1.1 200 OK"
2026-02-02 21:07:51,201 - INFO - HTTP Request: HEAD https://openneuro.org/crn/datasets/ds000114/objects/7331a97d91edaec0eee894f96c79e32ac5da343e "HTTP/1.1 200 OK"
2026-02-02 21:07:51,365 - INFO - HTTP Request: HEAD https://s3.amazonaws.com/openneuro.org/ds000114/participants.tsv?versionId=fjl0ZNvAXDJmeJh0_uF4H7tsiTVn_OOb&AWSAccessKeyId=AKIARTA7OOV5WQ3DGSOB&Signature=jX0wHPpGk%2BktLHrcOA3Ks1rXgO8%3D&Expires=1770667655 "HTTP/1.1 403 Forbidden"
2026-02-02 21:07:51,370 - INFO - HTTP Request: HEAD https://s3.amazonaws.com/openneuro.org/ds000114/sub-01/ses-test/anat/sub-01_ses-test_T1w.nii.gz?versionId=mrf6fwt5fTAbROGNZn42vj.FPYjyvyvX&AWSAccessKeyId=AKIARTA7OOV5WQ3DGSOB&Signature=CZA9nD2NsY8t8b07qG6oGFglaCY%3D&Expires=1770505235 "HTTP/1.1 403 Forbidden"
2026-02-02 21:07:51,386 - INFO - HTTP Request: HEAD https://s3.amazonaws.com/openneuro.org/ds000114/sub-01/ses-retest/anat/sub-01_ses-retest_T1w.nii.gz?versionId=_YkpqKhOFKnwZbRNr.9iGepRv6Xjc.gH&AWSAccessKeyId=AKIARTA7OOV5WQ3DGSOB&Signature=qWkHpN5WGI9wgUBr416sDruUvZU%3D&Expires=1770657865 "HTTP/1.1 403 Forbidden"
2026-02-02 21:07:51,603 - INFO - HTTP Request: HEAD https://s3.amazonaws.com/openneuro.org/ds000114/sub-02/ses-retest/anat/sub-02_ses-retest_T1w.nii.gz?versionId=WNIL4nOybQwn03hteuumXdlpIgTk06YK&AWSAccessKeyId=AKIARTA7OOV5WQ3DGSOB&Signature=3XEuuqX%2BVpESifVww0dXynMJckY%3D&Expires=1770505237 "HTTP/1.1 403 Forbidden"
2026-02-02 21:07:51,620 - INFO - HTTP Request: HEAD https://s3.amazonaws.com/openneuro.org/ds000114/sub-02/ses-test/anat/sub-02_ses-test_T1w.nii.gz?versionId=zH2SlMeYgzMWtN2D62UWBOUNhYkcXCMI&AWSAccessKeyId=AKIARTA7OOV5WQ3DGSOB&Signature=Est8c3U12k5eZhr73d1BtNFhtyE%3D&Expires=1770505238 "HTTP/1.1 403 Forbidden"
2026-02-02 21:07:51,778 - INFO - HTTP Request: HEAD https://s3.amazonaws.com/openneuro.org/ds000114/sub-03/ses-retest/anat/sub-03_ses-retest_T1w.nii.gz?versionId=UFL5cPg89bMcZSUVadm3YkGysHbBaDx5&AWSAccessKeyId=AKIARTA7OOV5WQ3DGSOB&Signature=ITcz672FyV6LNrNTJADzHe8Jt%2Bo%3D&Expires=1770505240 "HTTP/1.1 403 Forbidden"
2026-02-02 21:07:51,792 - INFO - HTTP Request: HEAD https://s3.amazonaws.com/openneuro.org/ds000114/sub-03/ses-test/anat/sub-03_ses-test_T1w.nii.gz?versionId=JYJof1QaEbf.UrfzNOicoyf7Vans1fgK&AWSAccessKeyId=AKIARTA7OOV5WQ3DGSOB&Signature=BandeSeimb3waMUxnmByzBNOniA%3D&Expires=1770505242 "HTTP/1.1 403 Forbidden"
2026-02-02 21:07:51,803 - INFO - HTTP Request: HEAD https://s3.amazonaws.com/openneuro.org/ds000114/sub-04/ses-retest/anat/sub-04_ses-retest_T1w.nii.gz?versionId=qudjbEoqb4UXy4mxLTfgKtwa2UrKrLlC&AWSAccessKeyId=AKIARTA7OOV5WQ3DGSOB&Signature=jmoFXJkFtRlLvrIcPHRc%2Bf8O%2BH0%3D&Expires=1770505243 "HTTP/1.1 403 Forbidden"
2026-02-02 21:07:52,026 - INFO - HTTP Request: HEAD https://s3.amazonaws.com/openneuro.org/ds000114/sub-04/ses-test/anat/sub-04_ses-test_T1w.nii.gz?versionId=D8zpehNj58GW7yaflxfxzP2L7TSjdhQC&AWSAccessKeyId=AKIARTA7OOV5WQ3DGSOB&Signature=EUkJHqBSj17FFd1feRQQiY0IB2U%3D&Expires=1770505244 "HTTP/1.1 403 Forbidden"
2026-02-02 21:07:52,194 - INFO - HTTP Request: GET https://s3.amazonaws.com/openneuro.org/ds000114/sub-02/ses-retest/anat/sub-02_ses-retest_T1w.nii.gz?versionId=WNIL4nOybQwn03hteuumXdlpIgTk06YK&AWSAccessKeyId=AKIARTA7OOV5WQ3DGSOB&Signature=3XEuuqX%2BVpESifVww0dXynMJckY%3D&Expires=1770505237 "HTTP/1.1 206 Partial Content"
2026-02-02 21:07:52,282 - INFO - HTTP Request: GET https://s3.amazonaws.com/openneuro.org/ds000114/sub-02/ses-test/anat/sub-02_ses-test_T1w.nii.gz?versionId=zH2SlMeYgzMWtN2D62UWBOUNhYkcXCMI&AWSAccessKeyId=AKIARTA7OOV5WQ3DGSOB&Signature=Est8c3U12k5eZhr73d1BtNFhtyE%3D&Expires=1770505238 "HTTP/1.1 206 Partial Content"
2026-02-02 21:07:52,322 - INFO - HTTP Request: GET https://s3.amazonaws.com/openneuro.org/ds000114/sub-03/ses-test/anat/sub-03_ses-test_T1w.nii.gz?versionId=JYJof1QaEbf.UrfzNOicoyf7Vans1fgK&AWSAccessKeyId=AKIARTA7OOV5WQ3DGSOB&Signature=BandeSeimb3waMUxnmByzBNOniA%3D&Expires=1770505242 "HTTP/1.1 206 Partial Content"
2026-02-02 21:07:52,397 - INFO - HTTP Request: GET https://s3.amazonaws.com/openneuro.org/ds000114/sub-04/ses-retest/anat/sub-04_ses-retest_T1w.nii.gz?versionId=qudjbEoqb4UXy4mxLTfgKtwa2UrKrLlC&AWSAccessKeyId=AKIARTA7OOV5WQ3DGSOB&Signature=jmoFXJkFtRlLvrIcPHRc%2Bf8O%2BH0%3D&Expires=1770505243 "HTTP/1.1 200 OK"
2026-02-02 21:07:52,674 - INFO - HTTP Request: GET https://s3.amazonaws.com/openneuro.org/ds000114/sub-04/ses-test/anat/sub-04_ses-test_T1w.nii.gz?versionId=D8zpehNj58GW7yaflxfxzP2L7TSjdhQC&AWSAccessKeyId=AKIARTA7OOV5WQ3DGSOB&Signature=EUkJHqBSj17FFd1feRQQiY0IB2U%3D&Expires=1770505244 "HTTP/1.1 200 OK"
2026-02-02 21:07:52,780 - ERROR - unhandled exception during asyncio.run() shutdown
task: <Task finished name='Task-17' coro=<_download_file() done, defined at /Volumes/Thunder/129_PK01/cat12/stats/.venv/lib/python3.14/site-packages/openneuro/_download.py:278> exception=BrokenPipeError(32, 'Broken pipe')>
Traceback (most recent call last):
  File "/Volumes/Thunder/129_PK01/cat12/stats/.venv/lib/python3.14/site-packages/openneuro/_download.py", line 543, in _retrieve_and_write_to_disk
    await f.write(chunk)
  File "/Volumes/Thunder/129_PK01/cat12/stats/.venv/lib/python3.14/site-packages/aiofiles/threadpool/utils.py", line 43, in method
    return await self._loop.run_in_executor(self._executor, cb)
           ^^^^^^^^^^^^^^^^^^^^^^^^^^^^^^^^^^^^^^^^^^^^^^^^^^^^
asyncio.exceptions.CancelledError

During handling of the above exception, another exception occurred:

Traceback (most recent call last):
  File "/Volumes/Thunder/129_PK01/cat12/stats/.venv/lib/python3.14/site-packages/openneuro/_download.py", line 444, in _download_file
    await _retrieve_and_write_to_disk(
    ...<9 lines>...
    )
  File "/Volumes/Thunder/129_PK01/cat12/stats/.venv/lib/python3.14/site-packages/openneuro/_download.py", line 531, in _retrieve_and_write_to_disk
    with tqdm(
         ~~~~^
        desc=desc,
        ^^^^^^^^^^
    ...<5 lines>...
        leave=False,
        ^^^^^^^^^^^^
    ) as progress:
    ^
  File "/Volumes/Thunder/129_PK01/cat12/stats/.venv/lib/python3.14/site-packages/tqdm/std.py", line 1140, in __exit__
    self.close()
    ~~~~~~~~~~^^
  File "/Volumes/Thunder/129_PK01/cat12/stats/.venv/lib/python3.14/site-packages/tqdm/std.py", line 1306, in close
    if self.display(msg='', pos=pos) and not pos:
       ~~~~~~~~~~~~^^^^^^^^^^^^^^^^^
  File "/Volumes/Thunder/129_PK01/cat12/stats/.venv/lib/python3.14/site-packages/tqdm/std.py", line 1494, in display
    self.moveto(pos)
    ~~~~~~~~~~~^^^^^
  File "/Volumes/Thunder/129_PK01/cat12/stats/.venv/lib/python3.14/site-packages/tqdm/std.py", line 1443, in moveto
    self.fp.write('\n' * n + _term_move_up() * -n)
    ~~~~~~~~~~~~~^^^^^^^^^^^^^^^^^^^^^^^^^^^^^^^^^
  File "/Volumes/Thunder/129_PK01/cat12/stats/.venv/lib/python3.14/site-packages/tqdm/utils.py", line 196, in inner
    return func(*args, **kwargs)
  File "/Volumes/Thunder/129_PK01/cat12/stats/.venv/lib/python3.14/site-packages/colorama/ansitowin32.py", line 47, in write
    self.__convertor.write(text)
    ~~~~~~~~~~~~~~~~~~~~~~^^^^^^
  File "/Volumes/Thunder/129_PK01/cat12/stats/.venv/lib/python3.14/site-packages/colorama/ansitowin32.py", line 177, in write
    self.write_and_convert(text)
    ~~~~~~~~~~~~~~~~~~~~~~^^^^^^
  File "/Volumes/Thunder/129_PK01/cat12/stats/.venv/lib/python3.14/site-packages/colorama/ansitowin32.py", line 205, in write_and_convert
    self.write_plain_text(text, cursor, len(text))
    ~~~~~~~~~~~~~~~~~~~~~^^^^^^^^^^^^^^^^^^^^^^^^^
  File "/Volumes/Thunder/129_PK01/cat12/stats/.venv/lib/python3.14/site-packages/colorama/ansitowin32.py", line 210, in write_plain_text
    self.wrapped.write(text[start:end])
    ~~~~~~~~~~~~~~~~~~^^^^^^^^^^^^^^^^^
  File "/Volumes/Thunder/129_PK01/cat12/stats/.venv/lib/python3.14/site-packages/colorama/ansitowin32.py", line 47, in write
    self.__convertor.write(text)
    ~~~~~~~~~~~~~~~~~~~~~~^^^^^^
  File "/Volumes/Thunder/129_PK01/cat12/stats/.venv/lib/python3.14/site-packages/colorama/ansitowin32.py", line 177, in write
    self.write_and_convert(text)
    ~~~~~~~~~~~~~~~~~~~~~~^^^^^^
  File "/Volumes/Thunder/129_PK01/cat12/stats/.venv/lib/python3.14/site-packages/colorama/ansitowin32.py", line 205, in write_and_convert
    self.write_plain_text(text, cursor, len(text))
    ~~~~~~~~~~~~~~~~~~~~~^^^^^^^^^^^^^^^^^^^^^^^^^
  File "/Volumes/Thunder/129_PK01/cat12/stats/.venv/lib/python3.14/site-packages/colorama/ansitowin32.py", line 210, in write_plain_text
    self.wrapped.write(text[start:end])
    ~~~~~~~~~~~~~~~~~~^^^^^^^^^^^^^^^^^
BrokenPipeError: [Errno 32] Broken pipe
2026-02-02 21:07:52,785 - ERROR - unhandled exception during asyncio.run() shutdown
task: <Task finished name='Task-18' coro=<_download_file() done, defined at /Volumes/Thunder/129_PK01/cat12/stats/.venv/lib/python3.14/site-packages/openneuro/_download.py:278> exception=BrokenPipeError(32, 'Broken pipe')>
Traceback (most recent call last):
  File "/Volumes/Thunder/129_PK01/cat12/stats/.venv/lib/python3.14/site-packages/openneuro/_download.py", line 542, in _retrieve_and_write_to_disk
    async for chunk in response.aiter_bytes():
    ...<4 lines>...
            hash.update(chunk)
  File "/Volumes/Thunder/129_PK01/cat12/stats/.venv/lib/python3.14/site-packages/httpx/_models.py", line 997, in aiter_bytes
    async for raw_bytes in self.aiter_raw():
    ...<2 lines>...
            yield chunk
  File "/Volumes/Thunder/129_PK01/cat12/stats/.venv/lib/python3.14/site-packages/httpx/_models.py", line 1055, in aiter_raw
    async for raw_stream_bytes in self.stream:
    ...<2 lines>...
            yield chunk
  File "/Volumes/Thunder/129_PK01/cat12/stats/.venv/lib/python3.14/site-packages/httpx/_client.py", line 176, in __aiter__
    async for chunk in self._stream:
        yield chunk
  File "/Volumes/Thunder/129_PK01/cat12/stats/.venv/lib/python3.14/site-packages/httpx/_transports/default.py", line 271, in __aiter__
    async for part in self._httpcore_stream:
        yield part
  File "/Volumes/Thunder/129_PK01/cat12/stats/.venv/lib/python3.14/site-packages/httpcore/_async/connection_pool.py", line 407, in __aiter__
    raise exc from None
  File "/Volumes/Thunder/129_PK01/cat12/stats/.venv/lib/python3.14/site-packages/httpcore/_async/connection_pool.py", line 403, in __aiter__
    async for part in self._stream:
        yield part
  File "/Volumes/Thunder/129_PK01/cat12/stats/.venv/lib/python3.14/site-packages/httpcore/_async/http11.py", line 342, in __aiter__
    raise exc
  File "/Volumes/Thunder/129_PK01/cat12/stats/.venv/lib/python3.14/site-packages/httpcore/_async/http11.py", line 334, in __aiter__
    async for chunk in self._connection._receive_response_body(**kwargs):
        yield chunk
  File "/Volumes/Thunder/129_PK01/cat12/stats/.venv/lib/python3.14/site-packages/httpcore/_async/http11.py", line 203, in _receive_response_body
    event = await self._receive_event(timeout=timeout)
            ^^^^^^^^^^^^^^^^^^^^^^^^^^^^^^^^^^^^^^^^^^
  File "/Volumes/Thunder/129_PK01/cat12/stats/.venv/lib/python3.14/site-packages/httpcore/_async/http11.py", line 217, in _receive_event
    data = await self._network_stream.read(
           ^^^^^^^^^^^^^^^^^^^^^^^^^^^^^^^^
        self.READ_NUM_BYTES, timeout=timeout
        ^^^^^^^^^^^^^^^^^^^^^^^^^^^^^^^^^^^^
    )
    ^
  File "/Volumes/Thunder/129_PK01/cat12/stats/.venv/lib/python3.14/site-packages/httpcore/_backends/anyio.py", line 35, in read
    return await self._stream.receive(max_bytes=max_bytes)
           ^^^^^^^^^^^^^^^^^^^^^^^^^^^^^^^^^^^^^^^^^^^^^^^
  File "/Volumes/Thunder/129_PK01/cat12/stats/.venv/lib/python3.14/site-packages/anyio/streams/tls.py", line 244, in receive
    data = await self._call_sslobject_method(self._ssl_object.read, max_bytes)
           ^^^^^^^^^^^^^^^^^^^^^^^^^^^^^^^^^^^^^^^^^^^^^^^^^^^^^^^^^^^^^^^^^^^
  File "/Volumes/Thunder/129_PK01/cat12/stats/.venv/lib/python3.14/site-packages/anyio/streams/tls.py", line 187, in _call_sslobject_method
    data = await self.transport_stream.receive()
           ^^^^^^^^^^^^^^^^^^^^^^^^^^^^^^^^^^^^^
  File "/Volumes/Thunder/129_PK01/cat12/stats/.venv/lib/python3.14/site-packages/anyio/_backends/_asyncio.py", line 1269, in receive
    await self._protocol.read_event.wait()
  File "/opt/homebrew/Cellar/python@3.14/3.14.2_1/Frameworks/Python.framework/Versions/3.14/lib/python3.14/asyncio/locks.py", line 213, in wait
    await fut
asyncio.exceptions.CancelledError

During handling of the above exception, another exception occurred:

Traceback (most recent call last):
  File "/Volumes/Thunder/129_PK01/cat12/stats/.venv/lib/python3.14/site-packages/openneuro/_download.py", line 444, in _download_file
    await _retrieve_and_write_to_disk(
    ...<9 lines>...
    )
  File "/Volumes/Thunder/129_PK01/cat12/stats/.venv/lib/python3.14/site-packages/openneuro/_download.py", line 531, in _retrieve_and_write_to_disk
    with tqdm(
         ~~~~^
        desc=desc,
        ^^^^^^^^^^
    ...<5 lines>...
        leave=False,
        ^^^^^^^^^^^^
    ) as progress:
    ^
  File "/Volumes/Thunder/129_PK01/cat12/stats/.venv/lib/python3.14/site-packages/tqdm/std.py", line 1140, in __exit__
    self.close()
    ~~~~~~~~~~^^
  File "/Volumes/Thunder/129_PK01/cat12/stats/.venv/lib/python3.14/site-packages/tqdm/std.py", line 1306, in close
    if self.display(msg='', pos=pos) and not pos:
       ~~~~~~~~~~~~^^^^^^^^^^^^^^^^^
  File "/Volumes/Thunder/129_PK01/cat12/stats/.venv/lib/python3.14/site-packages/tqdm/std.py", line 1494, in display
    self.moveto(pos)
    ~~~~~~~~~~~^^^^^
  File "/Volumes/Thunder/129_PK01/cat12/stats/.venv/lib/python3.14/site-packages/tqdm/std.py", line 1443, in moveto
    self.fp.write('\n' * n + _term_move_up() * -n)
    ~~~~~~~~~~~~~^^^^^^^^^^^^^^^^^^^^^^^^^^^^^^^^^
  File "/Volumes/Thunder/129_PK01/cat12/stats/.venv/lib/python3.14/site-packages/tqdm/utils.py", line 196, in inner
    return func(*args, **kwargs)
  File "/Volumes/Thunder/129_PK01/cat12/stats/.venv/lib/python3.14/site-packages/colorama/ansitowin32.py", line 47, in write
    self.__convertor.write(text)
    ~~~~~~~~~~~~~~~~~~~~~~^^^^^^
  File "/Volumes/Thunder/129_PK01/cat12/stats/.venv/lib/python3.14/site-packages/colorama/ansitowin32.py", line 177, in write
    self.write_and_convert(text)
    ~~~~~~~~~~~~~~~~~~~~~~^^^^^^
  File "/Volumes/Thunder/129_PK01/cat12/stats/.venv/lib/python3.14/site-packages/colorama/ansitowin32.py", line 205, in write_and_convert
    self.write_plain_text(text, cursor, len(text))
    ~~~~~~~~~~~~~~~~~~~~~^^^^^^^^^^^^^^^^^^^^^^^^^
  File "/Volumes/Thunder/129_PK01/cat12/stats/.venv/lib/python3.14/site-packages/colorama/ansitowin32.py", line 210, in write_plain_text
    self.wrapped.write(text[start:end])
    ~~~~~~~~~~~~~~~~~~^^^^^^^^^^^^^^^^^
  File "/Volumes/Thunder/129_PK01/cat12/stats/.venv/lib/python3.14/site-packages/colorama/ansitowin32.py", line 47, in write
    self.__convertor.write(text)
    ~~~~~~~~~~~~~~~~~~~~~~^^^^^^
  File "/Volumes/Thunder/129_PK01/cat12/stats/.venv/lib/python3.14/site-packages/colorama/ansitowin32.py", line 177, in write
    self.write_and_convert(text)
    ~~~~~~~~~~~~~~~~~~~~~~^^^^^^
  File "/Volumes/Thunder/129_PK01/cat12/stats/.venv/lib/python3.14/site-packages/colorama/ansitowin32.py", line 205, in write_and_convert
    self.write_plain_text(text, cursor, len(text))
    ~~~~~~~~~~~~~~~~~~~~~^^^^^^^^^^^^^^^^^^^^^^^^^
  File "/Volumes/Thunder/129_PK01/cat12/stats/.venv/lib/python3.14/site-packages/colorama/ansitowin32.py", line 210, in write_plain_text
    self.wrapped.write(text[start:end])
    ~~~~~~~~~~~~~~~~~~^^^^^^^^^^^^^^^^^
BrokenPipeError: [Errno 32] Broken pipe
2026-02-02 21:07:52,793 - ERROR - unhandled exception during asyncio.run() shutdown
task: <Task finished name='Task-16' coro=<_download_file() done, defined at /Volumes/Thunder/129_PK01/cat12/stats/.venv/lib/python3.14/site-packages/openneuro/_download.py:278> exception=BrokenPipeError(32, 'Broken pipe')>
Traceback (most recent call last):
  File "/Volumes/Thunder/129_PK01/cat12/stats/.venv/lib/python3.14/site-packages/openneuro/_download.py", line 542, in _retrieve_and_write_to_disk
    async for chunk in response.aiter_bytes():
    ...<4 lines>...
            hash.update(chunk)
  File "/Volumes/Thunder/129_PK01/cat12/stats/.venv/lib/python3.14/site-packages/httpx/_models.py", line 997, in aiter_bytes
    async for raw_bytes in self.aiter_raw():
    ...<2 lines>...
            yield chunk
  File "/Volumes/Thunder/129_PK01/cat12/stats/.venv/lib/python3.14/site-packages/httpx/_models.py", line 1055, in aiter_raw
    async for raw_stream_bytes in self.stream:
    ...<2 lines>...
            yield chunk
  File "/Volumes/Thunder/129_PK01/cat12/stats/.venv/lib/python3.14/site-packages/httpx/_client.py", line 176, in __aiter__
    async for chunk in self._stream:
        yield chunk
  File "/Volumes/Thunder/129_PK01/cat12/stats/.venv/lib/python3.14/site-packages/httpx/_transports/default.py", line 271, in __aiter__
    async for part in self._httpcore_stream:
        yield part
  File "/Volumes/Thunder/129_PK01/cat12/stats/.venv/lib/python3.14/site-packages/httpcore/_async/connection_pool.py", line 407, in __aiter__
    raise exc from None
  File "/Volumes/Thunder/129_PK01/cat12/stats/.venv/lib/python3.14/site-packages/httpcore/_async/connection_pool.py", line 403, in __aiter__
    async for part in self._stream:
        yield part
  File "/Volumes/Thunder/129_PK01/cat12/stats/.venv/lib/python3.14/site-packages/httpcore/_async/http11.py", line 342, in __aiter__
    raise exc
  File "/Volumes/Thunder/129_PK01/cat12/stats/.venv/lib/python3.14/site-packages/httpcore/_async/http11.py", line 334, in __aiter__
    async for chunk in self._connection._receive_response_body(**kwargs):
        yield chunk
  File "/Volumes/Thunder/129_PK01/cat12/stats/.venv/lib/python3.14/site-packages/httpcore/_async/http11.py", line 203, in _receive_response_body
    event = await self._receive_event(timeout=timeout)
            ^^^^^^^^^^^^^^^^^^^^^^^^^^^^^^^^^^^^^^^^^^
  File "/Volumes/Thunder/129_PK01/cat12/stats/.venv/lib/python3.14/site-packages/httpcore/_async/http11.py", line 217, in _receive_event
    data = await self._network_stream.read(
           ^^^^^^^^^^^^^^^^^^^^^^^^^^^^^^^^
        self.READ_NUM_BYTES, timeout=timeout
        ^^^^^^^^^^^^^^^^^^^^^^^^^^^^^^^^^^^^
    )
    ^
  File "/Volumes/Thunder/129_PK01/cat12/stats/.venv/lib/python3.14/site-packages/httpcore/_backends/anyio.py", line 35, in read
    return await self._stream.receive(max_bytes=max_bytes)
           ^^^^^^^^^^^^^^^^^^^^^^^^^^^^^^^^^^^^^^^^^^^^^^^
  File "/Volumes/Thunder/129_PK01/cat12/stats/.venv/lib/python3.14/site-packages/anyio/streams/tls.py", line 244, in receive
    data = await self._call_sslobject_method(self._ssl_object.read, max_bytes)
           ^^^^^^^^^^^^^^^^^^^^^^^^^^^^^^^^^^^^^^^^^^^^^^^^^^^^^^^^^^^^^^^^^^^
  File "/Volumes/Thunder/129_PK01/cat12/stats/.venv/lib/python3.14/site-packages/anyio/streams/tls.py", line 187, in _call_sslobject_method
    data = await self.transport_stream.receive()
           ^^^^^^^^^^^^^^^^^^^^^^^^^^^^^^^^^^^^^
  File "/Volumes/Thunder/129_PK01/cat12/stats/.venv/lib/python3.14/site-packages/anyio/_backends/_asyncio.py", line 1269, in receive
    await self._protocol.read_event.wait()
  File "/opt/homebrew/Cellar/python@3.14/3.14.2_1/Frameworks/Python.framework/Versions/3.14/lib/python3.14/asyncio/locks.py", line 213, in wait
    await fut
asyncio.exceptions.CancelledError

During handling of the above exception, another exception occurred:

Traceback (most recent call last):
  File "/Volumes/Thunder/129_PK01/cat12/stats/.venv/lib/python3.14/site-packages/openneuro/_download.py", line 444, in _download_file
    await _retrieve_and_write_to_disk(
    ...<9 lines>...
    )
  File "/Volumes/Thunder/129_PK01/cat12/stats/.venv/lib/python3.14/site-packages/openneuro/_download.py", line 531, in _retrieve_and_write_to_disk
    with tqdm(
         ~~~~^
        desc=desc,
        ^^^^^^^^^^
    ...<5 lines>...
        leave=False,
        ^^^^^^^^^^^^
    ) as progress:
    ^
  File "/Volumes/Thunder/129_PK01/cat12/stats/.venv/lib/python3.14/site-packages/tqdm/std.py", line 1140, in __exit__
    self.close()
    ~~~~~~~~~~^^
  File "/Volumes/Thunder/129_PK01/cat12/stats/.venv/lib/python3.14/site-packages/tqdm/std.py", line 1306, in close
    if self.display(msg='', pos=pos) and not pos:
       ~~~~~~~~~~~~^^^^^^^^^^^^^^^^^
  File "/Volumes/Thunder/129_PK01/cat12/stats/.venv/lib/python3.14/site-packages/tqdm/std.py", line 1494, in display
    self.moveto(pos)
    ~~~~~~~~~~~^^^^^
  File "/Volumes/Thunder/129_PK01/cat12/stats/.venv/lib/python3.14/site-packages/tqdm/std.py", line 1443, in moveto
    self.fp.write('\n' * n + _term_move_up() * -n)
    ~~~~~~~~~~~~~^^^^^^^^^^^^^^^^^^^^^^^^^^^^^^^^^
  File "/Volumes/Thunder/129_PK01/cat12/stats/.venv/lib/python3.14/site-packages/tqdm/utils.py", line 196, in inner
    return func(*args, **kwargs)
  File "/Volumes/Thunder/129_PK01/cat12/stats/.venv/lib/python3.14/site-packages/colorama/ansitowin32.py", line 47, in write
    self.__convertor.write(text)
    ~~~~~~~~~~~~~~~~~~~~~~^^^^^^
  File "/Volumes/Thunder/129_PK01/cat12/stats/.venv/lib/python3.14/site-packages/colorama/ansitowin32.py", line 177, in write
    self.write_and_convert(text)
    ~~~~~~~~~~~~~~~~~~~~~~^^^^^^
  File "/Volumes/Thunder/129_PK01/cat12/stats/.venv/lib/python3.14/site-packages/colorama/ansitowin32.py", line 205, in write_and_convert
    self.write_plain_text(text, cursor, len(text))
    ~~~~~~~~~~~~~~~~~~~~~^^^^^^^^^^^^^^^^^^^^^^^^^
  File "/Volumes/Thunder/129_PK01/cat12/stats/.venv/lib/python3.14/site-packages/colorama/ansitowin32.py", line 210, in write_plain_text
    self.wrapped.write(text[start:end])
    ~~~~~~~~~~~~~~~~~~^^^^^^^^^^^^^^^^^
  File "/Volumes/Thunder/129_PK01/cat12/stats/.venv/lib/python3.14/site-packages/colorama/ansitowin32.py", line 47, in write
    self.__convertor.write(text)
    ~~~~~~~~~~~~~~~~~~~~~~^^^^^^
  File "/Volumes/Thunder/129_PK01/cat12/stats/.venv/lib/python3.14/site-packages/colorama/ansitowin32.py", line 177, in write
    self.write_and_convert(text)
    ~~~~~~~~~~~~~~~~~~~~~~^^^^^^
  File "/Volumes/Thunder/129_PK01/cat12/stats/.venv/lib/python3.14/site-packages/colorama/ansitowin32.py", line 205, in write_and_convert
    self.write_plain_text(text, cursor, len(text))
    ~~~~~~~~~~~~~~~~~~~~~^^^^^^^^^^^^^^^^^^^^^^^^^
  File "/Volumes/Thunder/129_PK01/cat12/stats/.venv/lib/python3.14/site-packages/colorama/ansitowin32.py", line 210, in write_plain_text
    self.wrapped.write(text[start:end])
    ~~~~~~~~~~~~~~~~~~^^^^^^^^^^^^^^^^^
BrokenPipeError: [Errno 32] Broken pipe
