2026-02-02 21:08:34,065 - INFO - [35m============================================================[0m
2026-02-02 21:08:34,065 - INFO - [35m🧠 CAT12 BIDS App - Structural MRI Processing[0m
2026-02-02 21:08:34,065 - INFO - [35m============================================================[0m
2026-02-02 21:08:34,065 - INFO - [36m▶ Command: /Volumes/Thunder/129_PK01/cat12/stats/.venv/bin/python3 scripts/preprocessing/bids_cat12_processor.py --config projects/demo/project_config.json[0m
2026-02-02 21:08:34,065 - INFO - [36m📁 BIDS directory: ds000114[0m
2026-02-02 21:08:34,065 - INFO - [36m📂 Output directory: /Volumes/Thunder/129_PK01/cat12/stats/projects/demo/derivatives/cat12[0m
2026-02-02 21:08:34,065 - INFO - [36m🗂️ Working directory: /Volumes/Thunder/129_PK01/cat12/stats/projects/demo/work[0m
2026-02-02 21:08:34,065 - INFO - [36m🔬 Analysis level: participant[0m
2026-02-02 21:08:34,065 - INFO - [36m📝 Log file: /Volumes/Thunder/129_PK01/cat12/stats/projects/demo/logs/preproc/cat12_processing_20260202_210834.log[0m
2026-02-02 21:08:34,065 - INFO - [35m🛠️  Processing stages: Preprocessing(with surface), Volume smoothing (6mm), Surface smoothing (12mm), Quality assessment, TIV estimation[0m
2026-02-02 21:08:37,811 - INFO - HTTP Request: HEAD https://openneuro.org/crn/datasets/ds000114/objects/808b1441d8830caccb3966b2971b48e6fe4523ff "HTTP/1.1 200 OK"
2026-02-02 21:08:37,827 - INFO - HTTP Request: HEAD https://openneuro.org/crn/datasets/ds000114/objects/7331a97d91edaec0eee894f96c79e32ac5da343e "HTTP/1.1 200 OK"
2026-02-02 21:08:38,025 - INFO - HTTP Request: HEAD https://s3.amazonaws.com/openneuro.org/ds000114/participants.tsv?versionId=fjl0ZNvAXDJmeJh0_uF4H7tsiTVn_OOb&AWSAccessKeyId=AKIARTA7OOV5WQ3DGSOB&Signature=HCfSFVyajgChY7wRQvKvxX6Znj0%3D&Expires=1770667714 "HTTP/1.1 403 Forbidden"
2026-02-02 21:08:54,622 - INFO - HTTP Request: HEAD https://openneuro.org/crn/datasets/ds000114/objects/808b1441d8830caccb3966b2971b48e6fe4523ff "HTTP/1.1 200 OK"
2026-02-02 21:08:54,625 - INFO - HTTP Request: HEAD https://openneuro.org/crn/datasets/ds000114/objects/7331a97d91edaec0eee894f96c79e32ac5da343e "HTTP/1.1 200 OK"
2026-02-02 21:08:54,840 - INFO - HTTP Request: HEAD https://s3.amazonaws.com/openneuro.org/ds000114/participants.tsv?versionId=fjl0ZNvAXDJmeJh0_uF4H7tsiTVn_OOb&AWSAccessKeyId=AKIARTA7OOV5WQ3DGSOB&Signature=XI99LnYzRJbdH%2BJTT24ic90dvq0%3D&Expires=1770667718 "HTTP/1.1 403 Forbidden"
2026-02-02 21:08:54,852 - INFO - HTTP Request: HEAD https://s3.amazonaws.com/openneuro.org/ds000114/sub-01/ses-retest/anat/sub-01_ses-retest_T1w.nii.gz?versionId=_YkpqKhOFKnwZbRNr.9iGepRv6Xjc.gH&AWSAccessKeyId=AKIARTA7OOV5WQ3DGSOB&Signature=qWkHpN5WGI9wgUBr416sDruUvZU%3D&Expires=1770657865 "HTTP/1.1 403 Forbidden"
2026-02-02 21:08:54,853 - INFO - HTTP Request: HEAD https://s3.amazonaws.com/openneuro.org/ds000114/sub-01/ses-test/anat/sub-01_ses-test_T1w.nii.gz?versionId=mrf6fwt5fTAbROGNZn42vj.FPYjyvyvX&AWSAccessKeyId=AKIARTA7OOV5WQ3DGSOB&Signature=CZA9nD2NsY8t8b07qG6oGFglaCY%3D&Expires=1770505235 "HTTP/1.1 403 Forbidden"
2026-02-02 21:08:55,067 - INFO - HTTP Request: HEAD https://s3.amazonaws.com/openneuro.org/ds000114/sub-02/ses-retest/anat/sub-02_ses-retest_T1w.nii.gz?versionId=WNIL4nOybQwn03hteuumXdlpIgTk06YK&AWSAccessKeyId=AKIARTA7OOV5WQ3DGSOB&Signature=3XEuuqX%2BVpESifVww0dXynMJckY%3D&Expires=1770505237 "HTTP/1.1 403 Forbidden"
2026-02-02 21:08:55,081 - INFO - HTTP Request: HEAD https://s3.amazonaws.com/openneuro.org/ds000114/sub-02/ses-test/anat/sub-02_ses-test_T1w.nii.gz?versionId=zH2SlMeYgzMWtN2D62UWBOUNhYkcXCMI&AWSAccessKeyId=AKIARTA7OOV5WQ3DGSOB&Signature=Est8c3U12k5eZhr73d1BtNFhtyE%3D&Expires=1770505238 "HTTP/1.1 403 Forbidden"
2026-02-02 21:08:55,293 - INFO - HTTP Request: HEAD https://s3.amazonaws.com/openneuro.org/ds000114/sub-03/ses-retest/anat/sub-03_ses-retest_T1w.nii.gz?versionId=UFL5cPg89bMcZSUVadm3YkGysHbBaDx5&AWSAccessKeyId=AKIARTA7OOV5WQ3DGSOB&Signature=ITcz672FyV6LNrNTJADzHe8Jt%2Bo%3D&Expires=1770505240 "HTTP/1.1 403 Forbidden"
2026-02-02 21:08:55,300 - INFO - HTTP Request: HEAD https://s3.amazonaws.com/openneuro.org/ds000114/sub-03/ses-test/anat/sub-03_ses-test_T1w.nii.gz?versionId=JYJof1QaEbf.UrfzNOicoyf7Vans1fgK&AWSAccessKeyId=AKIARTA7OOV5WQ3DGSOB&Signature=BandeSeimb3waMUxnmByzBNOniA%3D&Expires=1770505242 "HTTP/1.1 403 Forbidden"
2026-02-02 21:08:55,313 - INFO - HTTP Request: HEAD https://s3.amazonaws.com/openneuro.org/ds000114/sub-04/ses-retest/anat/sub-04_ses-retest_T1w.nii.gz?versionId=qudjbEoqb4UXy4mxLTfgKtwa2UrKrLlC&AWSAccessKeyId=AKIARTA7OOV5WQ3DGSOB&Signature=jmoFXJkFtRlLvrIcPHRc%2Bf8O%2BH0%3D&Expires=1770505243 "HTTP/1.1 403 Forbidden"
2026-02-02 21:08:55,518 - INFO - HTTP Request: HEAD https://s3.amazonaws.com/openneuro.org/ds000114/sub-04/ses-test/anat/sub-04_ses-test_T1w.nii.gz?versionId=D8zpehNj58GW7yaflxfxzP2L7TSjdhQC&AWSAccessKeyId=AKIARTA7OOV5WQ3DGSOB&Signature=EUkJHqBSj17FFd1feRQQiY0IB2U%3D&Expires=1770505244 "HTTP/1.1 403 Forbidden"
2026-02-02 21:08:55,607 - INFO - HTTP Request: GET https://s3.amazonaws.com/openneuro.org/ds000114/sub-02/ses-test/anat/sub-02_ses-test_T1w.nii.gz?versionId=zH2SlMeYgzMWtN2D62UWBOUNhYkcXCMI&AWSAccessKeyId=AKIARTA7OOV5WQ3DGSOB&Signature=Est8c3U12k5eZhr73d1BtNFhtyE%3D&Expires=1770505238 "HTTP/1.1 206 Partial Content"
2026-02-02 21:08:55,829 - INFO - HTTP Request: GET https://s3.amazonaws.com/openneuro.org/ds000114/sub-03/ses-test/anat/sub-03_ses-test_T1w.nii.gz?versionId=JYJof1QaEbf.UrfzNOicoyf7Vans1fgK&AWSAccessKeyId=AKIARTA7OOV5WQ3DGSOB&Signature=BandeSeimb3waMUxnmByzBNOniA%3D&Expires=1770505242 "HTTP/1.1 206 Partial Content"
2026-02-02 21:08:55,875 - INFO - HTTP Request: GET https://s3.amazonaws.com/openneuro.org/ds000114/sub-04/ses-retest/anat/sub-04_ses-retest_T1w.nii.gz?versionId=qudjbEoqb4UXy4mxLTfgKtwa2UrKrLlC&AWSAccessKeyId=AKIARTA7OOV5WQ3DGSOB&Signature=jmoFXJkFtRlLvrIcPHRc%2Bf8O%2BH0%3D&Expires=1770505243 "HTTP/1.1 206 Partial Content"
2026-02-02 21:08:56,084 - INFO - HTTP Request: GET https://s3.amazonaws.com/openneuro.org/ds000114/sub-04/ses-test/anat/sub-04_ses-test_T1w.nii.gz?versionId=D8zpehNj58GW7yaflxfxzP2L7TSjdhQC&AWSAccessKeyId=AKIARTA7OOV5WQ3DGSOB&Signature=EUkJHqBSj17FFd1feRQQiY0IB2U%3D&Expires=1770505244 "HTTP/1.1 206 Partial Content"
2026-02-02 21:08:57,987 - INFO - Using OpenNeuro dataset ds000114 downloaded to: /Volumes/Thunder/129_PK01/cat12/stats/openneuro/ds000114
2026-02-02 21:08:57,988 - INFO - [36m🔍 Initializing BIDS layout for: /Volumes/Thunder/129_PK01/cat12/stats/openneuro/ds000114[0m
2026-02-02 21:08:57,989 - INFO - [36m📊 Using BIDS database: /Volumes/Thunder/129_PK01/cat12/stats/projects/demo/derivatives/cat12/.bids_cache/bidsdb_630885885935264656.db[0m
2026-02-02 21:08:58,088 - INFO - [32m👥 Found 4 subjects[0m
2026-02-02 21:08:58,088 - INFO - CAT12 execution mode: MATLAB
