2026-02-02 21:18:37,436 - INFO - [35m============================================================[0m
2026-02-02 21:18:37,436 - INFO - [35m🧠 CAT12 BIDS App - Structural MRI Processing[0m
2026-02-02 21:18:37,436 - INFO - [35m============================================================[0m
2026-02-02 21:18:37,436 - INFO - [36m▶ Command: /Volumes/Thunder/129_PK01/cat12/stats/.venv/bin/python3 scripts/preprocessing/bids_cat12_processor.py --config projects/demo/project_config.json[0m
2026-02-02 21:18:37,436 - INFO - [36m📁 BIDS directory: /Volumes/Thunder/129_PK01/cat12/stats/projects/demo/bids_raw[0m
2026-02-02 21:18:37,436 - INFO - [36m📂 Output directory: /Volumes/Thunder/129_PK01/cat12/stats/projects/demo/derivatives/cat12[0m
2026-02-02 21:18:37,436 - INFO - [36m🗂️ Working directory: /Volumes/Thunder/129_PK01/cat12/stats/projects/demo/work[0m
2026-02-02 21:18:37,436 - INFO - [36m🔬 Analysis level: participant[0m
2026-02-02 21:18:37,436 - INFO - [36m📝 Log file: /Volumes/Thunder/129_PK01/cat12/stats/projects/demo/logs/preproc/cat12_processing_20260202_211837.log[0m
2026-02-02 21:18:37,436 - INFO - [36m🔎 Running preflight checks...[0m
2026-02-02 21:18:37,681 - INFO - ======================================================================
PREFLIGHT CHECKS
======================================================================

1. Checking MATLAB and SPM...
✓ MATLAB executable found: /Applications/MATLAB_R2025b.app/bin/matlab
✓ SPM installation found: /Volumes/Evo/software/spm25

======================================================================
✓ All preflight checks PASSED
2026-02-02 21:18:37,681 - INFO - [35m🛠️  Processing stages: Preprocessing(with surface), Volume smoothing (6mm), Surface smoothing (12mm), Quality assessment, TIV estimation[0m
2026-02-02 21:18:37,681 - INFO - [36m🔍 Initializing BIDS layout for: /Volumes/Thunder/129_PK01/cat12/stats/projects/demo/bids_raw[0m
2026-02-02 21:18:37,682 - INFO - [36m📊 Using BIDS database: /Volumes/Thunder/129_PK01/cat12/stats/projects/demo/derivatives/cat12/.bids_cache/bidsdb_8621444724052340141.db[0m
2026-02-02 21:18:37,682 - ERROR - [31m❌ Failed to initialize BIDS layout: 'dataset_description.json' is missing from project root. Every valid BIDS dataset must have this file.
Example contents of 'dataset_description.json': 
{"Name": "Example dataset", "BIDSVersion": "1.0.2"}[0m
2026-02-02 21:18:37,683 - ERROR - [31mTraceback (most recent call last):
  File "/Volumes/Thunder/129_PK01/cat12/stats/scripts/preprocessing/bids_cat12_processor.py", line 344, in _init_bids_layout
    self.layout = BIDSLayout(
                  ~~~~~~~~~~^
        self.bids_dir,
        ^^^^^^^^^^^^^^
    ...<2 lines>...
        reset_database=True,
        ^^^^^^^^^^^^^^^^^^^^
    )
    ^
  File "/Volumes/Thunder/129_PK01/cat12/stats/.venv/lib/python3.14/site-packages/bids/layout/layout.py", line 147, in __init__
    root, description = validate_root(root, validate)
                        ~~~~~~~~~~~~~^^^^^^^^^^^^^^^^
  File "/Volumes/Thunder/129_PK01/cat12/stats/.venv/lib/python3.14/site-packages/bids/layout/validation.py", line 59, in validate_root
    raise BIDSValidationError(
    ...<4 lines>...
    )
bids.exceptions.BIDSValidationError: 'dataset_description.json' is missing from project root. Every valid BIDS dataset must have this file.
Example contents of 'dataset_description.json': 
{"Name": "Example dataset", "BIDSVersion": "1.0.2"}
[0m
